good	test_rand_single.pl	0	1	
good	test_rand_single.pl	0	1	-c
good	test_rand_single.pl	0	1	-e
good	test_rand_single.pl	0	1	-k
good	test_rand_single.pl	0	1	-c -e
good	test_rand_single.pl	0	1	-c -k
good	test_rand_single.pl	0	1	-e -k
good	test_rand_single.pl	0	1	-c -e -k
good	test_rand_single.pl	0	1	-f
good	test_rand_single.pl	0	1	-f -c
good	test_rand_single.pl	0	1	-f -e
good	test_rand_single.pl	0	1	-f -k
good	test_rand_single.pl	0	1	-f -c -e
good	test_rand_single.pl	0	1	-f -c -k
good	test_rand_single.pl	0	1	-f -e -k
good	test_rand_single.pl	0	1	-f -c -e -k
BAD	test_rand_single.pl	0	1	-g
BAD	test_rand_single.pl	0	1	-g -c
BAD	test_rand_single.pl	0	1	-g -e
BAD	test_rand_single.pl	0	1	-g -k
BAD	test_rand_single.pl	0	1	-g -c -e
BAD	test_rand_single.pl	0	1	-g -c -k
BAD	test_rand_single.pl	0	1	-g -e -k
BAD	test_rand_single.pl	0	1	-g -c -e -k
good	test_rand_single.pl	1	1	
good	test_rand_single.pl	1	1	-c
good	test_rand_single.pl	1	1	-e
good	test_rand_single.pl	1	1	-k
good	test_rand_single.pl	1	1	-c -e
good	test_rand_single.pl	1	1	-c -k
good	test_rand_single.pl	1	1	-e -k
good	test_rand_single.pl	1	1	-c -e -k
good	test_rand_single.pl	1	1	-f
good	test_rand_single.pl	1	1	-f -c
good	test_rand_single.pl	1	1	-f -e
good	test_rand_single.pl	1	1	-f -k
good	test_rand_single.pl	1	1	-f -c -e
good	test_rand_single.pl	1	1	-f -c -k
good	test_rand_single.pl	1	1	-f -e -k
good	test_rand_single.pl	1	1	-f -c -e -k
BAD	test_rand_single.pl	1	1	-g
BAD	test_rand_single.pl	1	1	-g -c
BAD	test_rand_single.pl	1	1	-g -e
BAD	test_rand_single.pl	1	1	-g -k
BAD	test_rand_single.pl	1	1	-g -c -e
BAD	test_rand_single.pl	1	1	-g -c -k
BAD	test_rand_single.pl	1	1	-g -e -k
BAD	test_rand_single.pl	1	1	-g -c -e -k
good	test_rand_single.pl	2	1	
good	test_rand_single.pl	2	1	-c
good	test_rand_single.pl	2	1	-e
good	test_rand_single.pl	2	1	-k
good	test_rand_single.pl	2	1	-c -e
good	test_rand_single.pl	2	1	-c -k
good	test_rand_single.pl	2	1	-e -k
good	test_rand_single.pl	2	1	-c -e -k
good	test_rand_single.pl	2	1	-f
good	test_rand_single.pl	2	1	-f -c
good	test_rand_single.pl	2	1	-f -e
good	test_rand_single.pl	2	1	-f -k
good	test_rand_single.pl	2	1	-f -c -e
good	test_rand_single.pl	2	1	-f -c -k
good	test_rand_single.pl	2	1	-f -e -k
good	test_rand_single.pl	2	1	-f -c -e -k
BAD	test_rand_single.pl	2	1	-g
BAD	test_rand_single.pl	2	1	-g -c
BAD	test_rand_single.pl	2	1	-g -e
BAD	test_rand_single.pl	2	1	-g -k
BAD	test_rand_single.pl	2	1	-g -c -e
BAD	test_rand_single.pl	2	1	-g -c -k
BAD	test_rand_single.pl	2	1	-g -e -k
BAD	test_rand_single.pl	2	1	-g -c -e -k
good	test_rand_single.pl	3	1	
good	test_rand_single.pl	3	1	-c
good	test_rand_single.pl	3	1	-e
good	test_rand_single.pl	3	1	-k
good	test_rand_single.pl	3	1	-c -e
good	test_rand_single.pl	3	1	-c -k
good	test_rand_single.pl	3	1	-e -k
good	test_rand_single.pl	3	1	-c -e -k
good	test_rand_single.pl	3	1	-f
good	test_rand_single.pl	3	1	-f -c
good	test_rand_single.pl	3	1	-f -e
good	test_rand_single.pl	3	1	-f -k
good	test_rand_single.pl	3	1	-f -c -e
good	test_rand_single.pl	3	1	-f -c -k
good	test_rand_single.pl	3	1	-f -e -k
good	test_rand_single.pl	3	1	-f -c -e -k
BAD	test_rand_single.pl	3	1	-g
BAD	test_rand_single.pl	3	1	-g -c
BAD	test_rand_single.pl	3	1	-g -e
BAD	test_rand_single.pl	3	1	-g -k
BAD	test_rand_single.pl	3	1	-g -c -e
BAD	test_rand_single.pl	3	1	-g -c -k
BAD	test_rand_single.pl	3	1	-g -e -k
BAD	test_rand_single.pl	3	1	-g -c -e -k
good	test_rand_single.pl	4	2	
good	test_rand_single.pl	4	2	-c
good	test_rand_single.pl	4	2	-e
good	test_rand_single.pl	4	2	-k
good	test_rand_single.pl	4	2	-c -e
good	test_rand_single.pl	4	2	-c -k
good	test_rand_single.pl	4	2	-e -k
good	test_rand_single.pl	4	2	-c -e -k
good	test_rand_single.pl	4	2	-f
good	test_rand_single.pl	4	2	-f -c
good	test_rand_single.pl	4	2	-f -e
good	test_rand_single.pl	4	2	-f -k
good	test_rand_single.pl	4	2	-f -c -e
good	test_rand_single.pl	4	2	-f -c -k
good	test_rand_single.pl	4	2	-f -e -k
good	test_rand_single.pl	4	2	-f -c -e -k
BAD	test_rand_single.pl	4	2	-g
BAD	test_rand_single.pl	4	2	-g -c
BAD	test_rand_single.pl	4	2	-g -e
BAD	test_rand_single.pl	4	2	-g -k
BAD	test_rand_single.pl	4	2	-g -c -e
BAD	test_rand_single.pl	4	2	-g -c -k
BAD	test_rand_single.pl	4	2	-g -e -k
BAD	test_rand_single.pl	4	2	-g -c -e -k
good	test_rand_single.pl	5	2	
good	test_rand_single.pl	5	2	-c
good	test_rand_single.pl	5	2	-e
good	test_rand_single.pl	5	2	-k
good	test_rand_single.pl	5	2	-c -e
good	test_rand_single.pl	5	2	-c -k
good	test_rand_single.pl	5	2	-e -k
good	test_rand_single.pl	5	2	-c -e -k
good	test_rand_single.pl	5	2	-f
good	test_rand_single.pl	5	2	-f -c
good	test_rand_single.pl	5	2	-f -e
good	test_rand_single.pl	5	2	-f -k
good	test_rand_single.pl	5	2	-f -c -e
good	test_rand_single.pl	5	2	-f -c -k
good	test_rand_single.pl	5	2	-f -e -k
good	test_rand_single.pl	5	2	-f -c -e -k
BAD	test_rand_single.pl	5	2	-g
BAD	test_rand_single.pl	5	2	-g -c
BAD	test_rand_single.pl	5	2	-g -e
BAD	test_rand_single.pl	5	2	-g -k
BAD	test_rand_single.pl	5	2	-g -c -e
BAD	test_rand_single.pl	5	2	-g -c -k
BAD	test_rand_single.pl	5	2	-g -e -k
BAD	test_rand_single.pl	5	2	-g -c -e -k
good	test_rand_single.pl	6	1	
good	test_rand_single.pl	6	1	-c
good	test_rand_single.pl	6	1	-e
good	test_rand_single.pl	6	1	-k
good	test_rand_single.pl	6	1	-c -e
good	test_rand_single.pl	6	1	-c -k
good	test_rand_single.pl	6	1	-e -k
good	test_rand_single.pl	6	1	-c -e -k
good	test_rand_single.pl	6	1	-f
good	test_rand_single.pl	6	1	-f -c
good	test_rand_single.pl	6	1	-f -e
good	test_rand_single.pl	6	1	-f -k
good	test_rand_single.pl	6	1	-f -c -e
good	test_rand_single.pl	6	1	-f -c -k
good	test_rand_single.pl	6	1	-f -e -k
good	test_rand_single.pl	6	1	-f -c -e -k
BAD	test_rand_single.pl	6	1	-g
BAD	test_rand_single.pl	6	1	-g -c
BAD	test_rand_single.pl	6	1	-g -e
BAD	test_rand_single.pl	6	1	-g -k
BAD	test_rand_single.pl	6	1	-g -c -e
BAD	test_rand_single.pl	6	1	-g -c -k
BAD	test_rand_single.pl	6	1	-g -e -k
BAD	test_rand_single.pl	6	1	-g -c -e -k
good	test_rand_single.pl	7	2	
good	test_rand_single.pl	7	2	-c
good	test_rand_single.pl	7	2	-e
good	test_rand_single.pl	7	2	-k
good	test_rand_single.pl	7	2	-c -e
good	test_rand_single.pl	7	2	-c -k
good	test_rand_single.pl	7	2	-e -k
good	test_rand_single.pl	7	2	-c -e -k
good	test_rand_single.pl	7	2	-f
good	test_rand_single.pl	7	2	-f -c
good	test_rand_single.pl	7	2	-f -e
good	test_rand_single.pl	7	2	-f -k
good	test_rand_single.pl	7	2	-f -c -e
good	test_rand_single.pl	7	2	-f -c -k
good	test_rand_single.pl	7	2	-f -e -k
good	test_rand_single.pl	7	2	-f -c -e -k
BAD	test_rand_single.pl	7	2	-g
BAD	test_rand_single.pl	7	2	-g -c
BAD	test_rand_single.pl	7	2	-g -e
BAD	test_rand_single.pl	7	2	-g -k
BAD	test_rand_single.pl	7	2	-g -c -e
BAD	test_rand_single.pl	7	2	-g -c -k
BAD	test_rand_single.pl	7	2	-g -e -k
BAD	test_rand_single.pl	7	2	-g -c -e -k
good	test_rand_single.pl	8	2	
good	test_rand_single.pl	8	2	-c
good	test_rand_single.pl	8	2	-e
good	test_rand_single.pl	8	2	-k
good	test_rand_single.pl	8	2	-c -e
good	test_rand_single.pl	8	2	-c -k
good	test_rand_single.pl	8	2	-e -k
good	test_rand_single.pl	8	2	-c -e -k
good	test_rand_single.pl	8	2	-f
good	test_rand_single.pl	8	2	-f -c
good	test_rand_single.pl	8	2	-f -e
good	test_rand_single.pl	8	2	-f -k
good	test_rand_single.pl	8	2	-f -c -e
good	test_rand_single.pl	8	2	-f -c -k
good	test_rand_single.pl	8	2	-f -e -k
good	test_rand_single.pl	8	2	-f -c -e -k
BAD	test_rand_single.pl	8	2	-g
BAD	test_rand_single.pl	8	2	-g -c
BAD	test_rand_single.pl	8	2	-g -e
BAD	test_rand_single.pl	8	2	-g -k
BAD	test_rand_single.pl	8	2	-g -c -e
BAD	test_rand_single.pl	8	2	-g -c -k
BAD	test_rand_single.pl	8	2	-g -e -k
BAD	test_rand_single.pl	8	2	-g -c -e -k
good	test_rand_single.pl	9	1	
good	test_rand_single.pl	9	1	-c
good	test_rand_single.pl	9	1	-e
good	test_rand_single.pl	9	1	-k
good	test_rand_single.pl	9	1	-c -e
good	test_rand_single.pl	9	1	-c -k
good	test_rand_single.pl	9	1	-e -k
good	test_rand_single.pl	9	1	-c -e -k
good	test_rand_single.pl	9	1	-f
BAD	test_rand_single.pl	9	1	-f -c
good	test_rand_single.pl	9	1	-f -e
good	test_rand_single.pl	9	1	-f -k
BAD	test_rand_single.pl	9	1	-f -c -e
BAD	test_rand_single.pl	9	1	-f -c -k
good	test_rand_single.pl	9	1	-f -e -k
BAD	test_rand_single.pl	9	1	-f -c -e -k
BAD	test_rand_single.pl	9	1	-g
BAD	test_rand_single.pl	9	1	-g -c
BAD	test_rand_single.pl	9	1	-g -e
BAD	test_rand_single.pl	9	1	-g -k
BAD	test_rand_single.pl	9	1	-g -c -e
BAD	test_rand_single.pl	9	1	-g -c -k
BAD	test_rand_single.pl	9	1	-g -e -k
BAD	test_rand_single.pl	9	1	-g -c -e -k
good	test_rand_single.pl	10	2	
good	test_rand_single.pl	10	2	-c
good	test_rand_single.pl	10	2	-e
good	test_rand_single.pl	10	2	-k
good	test_rand_single.pl	10	2	-c -e
good	test_rand_single.pl	10	2	-c -k
good	test_rand_single.pl	10	2	-e -k
good	test_rand_single.pl	10	2	-c -e -k
good	test_rand_single.pl	10	2	-f
good	test_rand_single.pl	10	2	-f -c
good	test_rand_single.pl	10	2	-f -e
good	test_rand_single.pl	10	2	-f -k
good	test_rand_single.pl	10	2	-f -c -e
good	test_rand_single.pl	10	2	-f -c -k
good	test_rand_single.pl	10	2	-f -e -k
good	test_rand_single.pl	10	2	-f -c -e -k
BAD	test_rand_single.pl	10	2	-g
BAD	test_rand_single.pl	10	2	-g -c
BAD	test_rand_single.pl	10	2	-g -e
BAD	test_rand_single.pl	10	2	-g -k
BAD	test_rand_single.pl	10	2	-g -c -e
BAD	test_rand_single.pl	10	2	-g -c -k
BAD	test_rand_single.pl	10	2	-g -e -k
BAD	test_rand_single.pl	10	2	-g -c -e -k
